21:31:44 **** Incremental Build of configuration Debug for project 2_gpio_output ****
make -j8 all 
arm-none-eabi-gcc "../Src/main.c" -mcpu=cortex-m3 -std=gnu11 -g3 -DDEBUG -DSTM32L1 -DSTM32 -DSTM32L152RETx -DSTM32L152xE -c -I../Inc -I/home/lars/Documents/STM32/chip_headers/CMSIS/Device/ST/STM32L1xx/Include -I/home/lars/Documents/STM32/chip_headers/CMSIS/Include -O0 -ffunction-sections -fdata-sections -Wall -fstack-usage -fcyclomatic-complexity -MMD -MP -MF"Src/main.d" -MT"Src/main.o" --specs=nano.specs -mfloat-abi=soft -mthumb -o "Src/main.o"
arm-none-eabi-gcc -o "2_gpio_output.elf" @"objects.list"   -mcpu=cortex-m3 -T"/home/lars/Documents/STM32/2_gpio_output/STM32L152RETX_FLASH.ld" --specs=nosys.specs -Wl,-Map="2_gpio_output.map" -Wl,--gc-sections -static --specs=nano.specs -mfloat-abi=soft -mthumb -Wl,--start-group -lc -lm -Wl,--end-group
Finished building target: 2_gpio_output.elf
 
arm-none-eabi-size  2_gpio_output.elf 
arm-none-eabi-objdump -h -S 2_gpio_output.elf  > "2_gpio_output.list"
   text	   data	    bss	    dec	    hex	filename
    624	      8	   1568	   2200	    898	2_gpio_output.elf
Finished building: default.size.stdout
 
Finished building: 2_gpio_output.list
 

21:31:44 Build Finished. 0 errors, 0 warnings. (took 321ms)

