22:40:13 **** Incremental Build of configuration Debug for project 5_uart_tx ****
make -j8 all 
arm-none-eabi-gcc "../Src/main.c" -mcpu=cortex-m3 -std=gnu11 -g3 -DDEBUG -DSTM32L1 -DSTM32 -DSTM32L152RETx -DSTM32L152xE -c -I../Inc -I/home/lars/Documents/UdemySTM32/STM32/chip_headers/CMSIS/Device/ST/STM32L1xx/Include -I/home/lars/Documents/UdemySTM32/STM32/chip_headers/CMSIS/Include -O0 -ffunction-sections -fdata-sections -Wall -fstack-usage -fcyclomatic-complexity -MMD -MP -MF"Src/main.d" -MT"Src/main.o" --specs=nano.specs -mfloat-abi=soft -mthumb -o "Src/main.o"
arm-none-eabi-gcc -o "5_uart_tx.elf" @"objects.list"   -mcpu=cortex-m3 -T"/home/lars/Documents/UdemySTM32/STM32/5_uart_tx/STM32L152RETX_FLASH.ld" --specs=nosys.specs -Wl,-Map="5_uart_tx.map" -Wl,--gc-sections -static --specs=nano.specs -mfloat-abi=soft -mthumb -Wl,--start-group -lc -lm -Wl,--end-group
Finished building target: 5_uart_tx.elf
 
arm-none-eabi-size  5_uart_tx.elf 
arm-none-eabi-objdump -h -S 5_uart_tx.elf  > "5_uart_tx.list"
   text	   data	    bss	    dec	    hex	filename
   1052	      8	   1568	   2628	    a44	5_uart_tx.elf
Finished building: default.size.stdout
 
Finished building: 5_uart_tx.list
 
