21:53:17 **** Incremental Build of configuration Debug for project 4_gpio_input ****
make -j8 all 
arm-none-eabi-gcc "../Src/main.c" -mcpu=cortex-m3 -std=gnu11 -g3 -DDEBUG -DSTM32L1 -DSTM32 -DSTM32L152RETx -DSTM32L152xE -c -I../Inc -I/home/lars/Documents/STM32/chip_headers/CMSIS/Device/ST/STM32L1xx/Include -I/home/lars/Documents/STM32/chip_headers/CMSIS/Include -O0 -ffunction-sections -fdata-sections -Wall -fstack-usage -fcyclomatic-complexity -MMD -MP -MF"Src/main.d" -MT"Src/main.o" --specs=nano.specs -mfloat-abi=soft -mthumb -o "Src/main.o"
arm-none-eabi-gcc -o "4_gpio_input.elf" @"objects.list"   -mcpu=cortex-m3 -T"/home/lars/Documents/STM32/4_gpio_input/STM32L152RETX_FLASH.ld" --specs=nosys.specs -Wl,-Map="4_gpio_input.map" -Wl,--gc-sections -static --specs=nano.specs -mfloat-abi=soft -mthumb -Wl,--start-group -lc -lm -Wl,--end-group
Finished building target: 4_gpio_input.elf
 
arm-none-eabi-size  4_gpio_input.elf 
arm-none-eabi-objdump -h -S 4_gpio_input.elf  > "4_gpio_input.list"
   text	   data	    bss	    dec	    hex	filename
    656	      8	   1568	   2232	    8b8	4_gpio_input.elf
Finished building: default.size.stdout
 
Finished building: 4_gpio_input.list
 
21:53:19 **** Incremental Build of configuration Debug for project 4_gpio_input ****
make -j8 all 
arm-none-eabi-size  4_gpio_input.elf 
   text	   data	    bss	    dec	    hex	filename
    656	      8	   1568	   2232	    8b8	4_gpio_input.elf
Finished building: default.size.stdout
 
